<!DOCTYPE html>
<html lang="es" class="h-full bg-gray-100 dark:bg-gray-900">
    <head>
        <meta charset="utf-8">
        <meta name="viewport" content="width=device-width, initial-scale=1.0">
        <title>Mis Pedidos</title>

        <link rel="icon" href="http://localhost/storage/favicon.png" type-="image/png">

        <!-- Fonts -->
        <link rel="preconnect" href="https://fonts.bunny.net">
        <link href="https://fonts.bunny.net/css?family=instrument-sans:400,500,600,700&display=swap" rel="stylesheet" />

        <!-- Styles handled by Vite -->
                
        
                <style>
            :root {
                --c-500: 20, 184, 166;
                --c-600: 13, 148, 136;
                --c-700: 15, 118, 110;
            }
        </style>
    </head>
    <body class="antialiased font-sans flex flex-col min-h-screen">
        <div class="flex-grow">
            <header class="bg-white dark:bg-gray-800/50 backdrop-blur-sm shadow-sm sticky top-0 z-10">
    <div class="mx-auto max-w-7xl py-3 px-4 sm:px-6 lg:px-8">
        <div class="flex justify-between items-center">
            
            
            <a href="http://localhost" class="flex items-center space-x-3">
                 <img src="http://localhost/storage/logo.png" alt="Numista" class="h-10 w-auto">
                 
                 <span class="hidden sm:inline text-xl font-bold text-gray-800 dark:text-gray-200 tracking-tight">Numista</span>
            </a>

            
            <nav class="flex items-center space-x-2 sm:space-x-4">
                
                
                <a href="http://localhost/marketplace" 
                   class="text-sm font-semibold transition-colors text-gray-600 hover:text-gray-900 dark:text-gray-400 dark:hover:text-white">
                    Marketplace
                </a>
                
                <div class="flow-root" x-data="{ cartCount: 0 }" @cart-updated.window="cartCount = $event.detail.cartCount">
                    <a href="http://localhost/cart" class="group -m-2 flex items-center p-2">
                        <svg class="h-6 w-6 flex-shrink-0 text-gray-400 group-hover:text-gray-500" fill="none" viewBox="0 0 24 24" stroke-width="1.5" stroke="currentColor" aria-hidden="true">
                            <path stroke-linecap="round" stroke-linejoin="round" d="M15.75 10.5V6a3.75 3.75 0 10-7.5 0v4.5m11.356-1.993l1.263 12c.07.658-.463 1.243-1.119 1.243H4.25a1.125 1.125 0 01-1.12-1.243l1.264-12A1.125 1.125 0 015.513 7.5h12.974c.576 0 1.059.435 1.119 1.007zM8.625 10.5a.375.375 0 11-.75 0 .375.375 0 01.75 0zm7.5 0a.375.375 0 11-.75 0 .375.375 0 01.75 0z" />
                        </svg>
                        <span x-text="cartCount" class="ml-2 text-sm font-medium text-gray-700 dark:text-gray-400 group-hover:text-gray-800"></span>
                        <span class="sr-only">artículos en el carrito, ver cesta</span>
                    </a>
                </div>
                
                <span class="h-6 w-px bg-gray-200 dark:bg-gray-600" aria-hidden="true"></span>
                
                
                                                            
                        <a href="http://localhost/my-account/orders" class="text-sm font-semibold text-gray-600 hover:text-gray-900 dark:text-gray-400 dark:hover:text-white">Mi Cuenta</a>
                    
                    <span class="h-6 w-px bg-gray-200 dark:bg-gray-600" aria-hidden="true"></span>

                    <form method="POST" action="http://localhost/logout" class="inline">
                        <input type="hidden" name="_token" value="[FILTERED]" autocomplete="off">                        <a href="http://localhost/logout"
                                onclick="event.preventDefault(); this.closest('form').submit();"
                                class="text-sm font-semibold text-gray-600 hover:text-gray-900 dark:text-gray-400 dark:hover:text-white">
                            Cerrar Sesión
                        </a>
                    </form>
                            </nav>
        </div>
    </div>
</header>
            <main class="flex-grow py-8 sm:py-12">
                    <div class="container mx-auto px-4 sm:px-6 lg:px-8 py-12">
    <div class="lg:grid lg:grid-cols-12 lg:gap-x-12">
        
        <aside class="lg:col-span-3 mb-8 lg:mb-0 bg-white dark:bg-gray-800 rounded-lg shadow-sm p-6">
            <nav class="space-y-1">
                <a href="http://localhost/my-account" 
                   class="group border-l-4 px-3 py-2 flex items-center text-sm font-medium transition-colors border-transparent text-gray-500 hover:bg-gray-50 hover:text-gray-700 dark:text-gray-400 dark:hover:bg-gray-700/50 dark:hover:text-gray-300">
                    <svg class="text-gray-400 group-hover:text-gray-500 -ml-1 mr-3 h-6 w-6 flex-shrink-0" fill="none" viewBox="0 0 24 24" stroke="currentColor"><path stroke-linecap="round" stroke-linejoin="round" stroke-width="2" d="M3 12l2-2m0 0l7-7 7 7M5 10v10a1 1 0 001 1h3m10-11l2 2m-2-2v10a1 1 0 01-1 1h-3m-6 0a1 1 0 001-1v-4a1 1 0 011-1h2a1 1 0 011 1v4a1 1 0 001 1m-6 0h6"></path></svg>
                    <span class="truncate">Panel de Control</span>
                </a>

                <a href="http://localhost/my-account/orders" 
                   class="group border-l-4 px-3 py-2 flex items-center text-sm font-medium transition-colors bg-teal-50 border-teal-500 text-teal-700 dark:bg-teal-500/10 dark:border-teal-500/30 dark:text-teal-400">
                    <svg class="text-gray-400 group-hover:text-gray-500 -ml-1 mr-3 h-6 w-6 flex-shrink-0" fill="none" viewBox="0 0 24 24" stroke="currentColor"><path stroke-linecap="round" stroke-linejoin="round" stroke-width="2" d="M8 7V3m8 4V3m-9 8h10M5 21h14a2 2 0 002-2V7a2 2 0 00-2-2H5a2 2 0 00-2 2v12a2 2 0 002 2z"></path></svg>
                    <span class="truncate">Mis Pedidos</span>
                </a>
                
                <a href="http://localhost/my-account/addresses" 
                   class="group border-l-4 px-3 py-2 flex items-center text-sm font-medium transition-colors border-transparent text-gray-500 hover:bg-gray-50 hover:text-gray-700 dark:text-gray-400 dark:hover:bg-gray-700/50 dark:hover:text-gray-300">
                    <svg class="text-gray-400 group-hover:text-gray-500 -ml-1 mr-3 h-6 w-6 flex-shrink-0" fill="none" viewBox="0 0 24 24" stroke="currentColor"><path stroke-linecap="round" stroke-linejoin="round" stroke-width="2" d="M17.657 16.657L13.414 20.9a1.998 1.998 0 01-2.827 0l-4.244-4.243a8 8 0 1111.314 0z"></path><path stroke-linecap="round" stroke-linejoin="round" stroke-width="2" d="M15 11a3 3 0 11-6 0 3 3 0 016 0z"></path></svg>
                    <span class="truncate">Mis Direcciones</span>
                </a>
                
                <a href="http://localhost/my-account/profile" 
                   class="group border-l-4 px-3 py-2 flex items-center text-sm font-medium transition-colors border-transparent text-gray-500 hover:bg-gray-50 hover:text-gray-700 dark:text-gray-400 dark:hover:bg-gray-700/50 dark:hover:text-gray-300">
                    <svg class="text-gray-400 group-hover:text-gray-500 -ml-1 mr-3 h-6 w-6 flex-shrink-0" fill="none" viewBox="0 0 24 24" stroke="currentColor"><path stroke-linecap="round" stroke-linejoin="round" stroke-width="2" d="M16 7a4 4 0 11-8 0 4 4 0 018 0zM12 14a7 7 0 00-7 7h14a7 7 0 00-7-7z"></path></svg>
                    <span class="truncate">Detalles de la cuenta</span>
                </a>
            </nav>
        </aside>

        
        <main class="lg:col-span-9">
            <div class="bg-white dark:bg-gray-800 overflow-hidden shadow-sm sm:rounded-lg">
                <div class="p-6 text-gray-900 dark:text-gray-100">
    <h2 class="text-2xl font-semibold mb-6">Mis Pedidos</h2>

            <div class="text-center py-8">
            <p class="text-gray-500 dark:text-gray-400">Aún no has realizado ningún pedido.</p>
            <div class="mt-4">
                <a href="http://localhost/marketplace" class="inline-flex items-center px-4 py-2 border border-transparent text-sm font-medium rounded-md text-white bg-teal-600 hover:bg-teal-700">Explorar el Marketplace</a>
            </div>
        </div>
    </div>
            </div>
        </main>
    </div>
</div>
            </main>
        </div>

        <footer class="bg-white dark:bg-gray-800" aria-labelledby="footer-heading">
    <h2 id="footer-heading" class="sr-only">Footer</h2>
    <div class="mx-auto max-w-7xl px-6 pb-8 pt-16 sm:pt-24 lg:px-8 lg:pt-32">
        <div class="border-t border-gray-200 dark:border-gray-700 pt-8">
            <p class="text-sm text-gray-500 dark:text-gray-400 md:text-center">
                © 2025 Numista. Todos los derechos reservados.
            </p>
        </div>
    </div>
</footer>
        <!-- Global notification live region, positioned in the bottom-right corner. -->
        <div 
            x-data="{
                notifications: [],
                add(notification) {
                    notification.id = Date.now()
                    this.notifications.push(notification)
                    this.remove(notification.id)
                },
                remove(id) {
                    setTimeout(() => {
                        let i = this.notifications.findIndex(n => n.id === id)
                        if (i !== -1) {
                            this.notifications.splice(i, 1)
                        }
                    }, 5000)
                }
            }"
            @notify.window="add($event.detail)"
            aria-live="assertive" 
            class="pointer-events-none fixed inset-0 flex items-end px-4 py-6 sm:items-start sm:p-6 z-50"
        >
            <div class="flex w-full flex-col items-center space-y-4 sm:items-end">
                
                                                
                
                <template x-for="notification in notifications" :key="notification.id">
                    <div
                        x-data="{ show: false }"
                        x-init="$nextTick(() => show = true)"
                        x-show="show"
                        x-transition:enter="transform ease-out duration-300 transition"
                        x-transition:enter-start="translate-y-2 opacity-0 sm:translate-y-0 sm:translate-x-2"
                        x-transition:enter-end="translate-y-0 opacity-100 sm:translate-x-0"
                        x-transition:leave="transition ease-in duration-100"
                        x-transition:leave-start="opacity-100"
                        x-transition:leave-end="opacity-0"
                        :class="{
                            'bg-green-100 dark:bg-green-800/20': notification.type === 'success',
                            'bg-red-100 dark:bg-red-800/20': notification.type === 'error',
                        }"
                        class="pointer-events-auto w-full max-w-sm overflow-hidden rounded-lg shadow-lg ring-1 ring-black ring-opacity-5"
                    >
                        <div class="p-4">
                            <div class="flex items-start">
                                <div class="flex-shrink-0">
                                    <template x-if="notification.type === 'success'">
                                        <svg class="h-6 w-6 text-green-400" fill="none" viewBox="0 0 24 24" stroke-width="1.5" stroke="currentColor" aria-hidden="true"><path stroke-linecap="round" stroke-linejoin="round" d="M9 12.75L11.25 15 15 9.75M21 12a9 9 0 11-18 0 9 9 0 0118 0z" /></svg>
                                    </template>
                                    <template x-if="notification.type === 'error'">
                                        <svg class="h-6 w-6 text-red-400" fill="none" viewBox="0 0 24 24" stroke-width="1.5" stroke="currentColor" aria-hidden="true"><path stroke-linecap="round" stroke-linejoin="round" d="M12 9v3.75m-9.303 3.376c-.866 1.5.217 3.374 1.948 3.374h14.71c1.73 0 2.813-1.874 1.948-3.374L13.949 3.378c-.866-1.5-3.032-1.5-3.898 0L2.697 16.126zM12 15.75h.007v.008H12v-.008z" /></svg>
                                    </template>
                                </div>
                                <div class="ml-3 w-0 flex-1 pt-0.5">
                                    <p 
                                        :class="{
                                            'text-green-800 dark:text-green-200': notification.type === 'success',
                                            'text-red-800 dark:text-red-200': notification.type === 'error',
                                        }"
                                        class="text-sm font-medium" x-text="notification.message"></p>
                                </div>
                            </div>
                        </div>
                    </div>
                </template>
            </div>
        </div>

            </body>
</html>