<!DOCTYPE html>
<html lang="es" class="h-full bg-gray-100 dark:bg-gray-900">
    <head>
        <meta charset="utf-8">
        <meta name="viewport" content="width=device-width, initial-scale=1.0">
        <title>Item 0</title>

        <link rel="icon" href="http://localhost/storage/favicon.png" type-="image/png">

        <!-- Fonts -->
        <link rel="preconnect" href="https://fonts.bunny.net">
        <link href="https://fonts.bunny.net/css?family=instrument-sans:400,500,600,700&display=swap" rel="stylesheet" />

        <!-- Styles handled by Vite -->
                
        
                <style>
            :root {
                --c-500: 20, 184, 166;
                --c-600: 13, 148, 136;
                --c-700: 15, 118, 110;
            }
        </style>
    </head>
    <body class="antialiased font-sans flex flex-col min-h-screen">
        <div class="flex-grow">
            <header class="bg-white dark:bg-gray-800/50 backdrop-blur-sm shadow-sm sticky top-0 z-10">
    <div class="mx-auto max-w-7xl py-3 px-4 sm:px-6 lg:px-8">
        <div class="flex justify-between items-center">
            
            
            <a href="http://localhost" class="flex items-center space-x-3">
                 <img src="http://localhost/storage/logo.png" alt="Numista" class="h-10 w-auto">
                 
                 <span class="hidden sm:inline text-xl font-bold text-gray-800 dark:text-gray-200 tracking-tight">Numista</span>
            </a>

            
            <nav class="flex items-center space-x-2 sm:space-x-4">
                
                
                <a href="http://localhost/marketplace" 
                   class="text-sm font-semibold transition-colors text-teal-600 dark:text-teal-400">
                    Marketplace
                </a>
                
                <div class="flow-root" x-data="{ cartCount: 0 }" @cart-updated.window="cartCount = $event.detail.cartCount">
                    <a href="http://localhost/cart" class="group -m-2 flex items-center p-2">
                        <svg class="h-6 w-6 flex-shrink-0 text-gray-400 group-hover:text-gray-500" fill="none" viewBox="0 0 24 24" stroke-width="1.5" stroke="currentColor" aria-hidden="true">
                            <path stroke-linecap="round" stroke-linejoin="round" d="M15.75 10.5V6a3.75 3.75 0 10-7.5 0v4.5m11.356-1.993l1.263 12c.07.658-.463 1.243-1.119 1.243H4.25a1.125 1.125 0 01-1.12-1.243l1.264-12A1.125 1.125 0 015.513 7.5h12.974c.576 0 1.059.435 1.119 1.007zM8.625 10.5a.375.375 0 11-.75 0 .375.375 0 01.75 0zm7.5 0a.375.375 0 11-.75 0 .375.375 0 01.75 0z" />
                        </svg>
                        <span x-text="cartCount" class="ml-2 text-sm font-medium text-gray-700 dark:text-gray-400 group-hover:text-gray-800"></span>
                        <span class="sr-only">artículos en el carrito, ver cesta</span>
                    </a>
                </div>
                
                <span class="h-6 w-px bg-gray-200 dark:bg-gray-600" aria-hidden="true"></span>
                
                
                                    <a href="http://localhost/login" class="text-sm font-semibold text-gray-600 hover:text-gray-900 dark:text-gray-400 dark:hover:text-white">Acceso</a>
                                            <a href="http://localhost/register" class="hidden sm:inline-flex items-center justify-center px-4 py-2 border border-transparent text-sm font-medium rounded-md text-white bg-teal-600 hover:bg-teal-700">Registro</a>
                                                </nav>
        </div>
    </div>
</header>
            <main class="flex-grow py-8 sm:py-12">
                    
<div x-data="{
        isModalOpen: false,
        mainImageUrl: 'http://localhost/images/[id]',
        isLightboxOpen: false,
        activeTab: 'description'
    }">

    <div class="bg-white dark:bg-gray-800">
        <div class="pt-6">
            
            <nav aria-label="Breadcrumb" class="mx-auto flex max-w-7xl items-center space-x-2 px-4 sm:px-6 lg:px-8">
                <ol role="list" class="flex items-center space-x-2">
                    <li>
                        <div class="flex items-center">
                            <a href="http://localhost/marketplace" class="mr-2 text-sm font-medium text-gray-900 dark:text-gray-300">Marketplace de Coleccionables</a>
                            <svg width="16" height="20" viewBox="0 0 16 20" fill="currentColor" aria-hidden="true" class="h-5 w-4 text-gray-300 dark:text-gray-500"><path d="M5.697 4.34L8.98 16.532h1.327L7.025 4.341H5.697z" /></svg>
                        </div>
                    </li>
                    <li class="text-sm">
                        <a href="#" aria-current="page" class="font-medium text-gray-500 hover:text-gray-600 dark:text-gray-400 dark:hover:text-gray-300">Item 0</a>
                    </li>
                </ol>
            </nav>

            
            <div class="mx-auto max-w-2xl px-4 pt-10 pb-16 sm:px-6 lg:grid lg:max-w-7xl lg:grid-cols-2 lg:gap-x-8 lg:px-8 lg:pt-16 lg:pb-24">
                
                
                <div class="lg:col-span-1">
                    <div class="aspect-[4/3] w-full overflow-hidden rounded-lg bg-gray-100 dark:bg-gray-700">
                        <button @click="isLightboxOpen = true" class="w-full h-full">
                            <img :src="mainImageUrl" alt="Item 0" class="h-full w-full object-cover object-center cursor-zoom-in">
                        </button>
                    </div>
                                    </div>

                
                <div class="mt-10 lg:col-span-1 lg:mt-0">
                    <h1 class="text-2xl font-bold tracking-tight text-gray-900 dark:text-white sm:text-3xl">Item 0</h1>
                    
                    <p class="mt-2 text-sm text-gray-500 dark:text-gray-400">
                        De la colección de 
                        <strong>
                            <a href="http://localhost/marketplace-test-collection" class="text-teal-600 hover:text-teal-500 hover:underline">
                                Marketplace Test Collection
                            </a>
                        </strong>
                    </p>
                    
                    <div class="mt-4">
                        <p class="text-3xl tracking-tight text-gray-900 dark:text-white">10,00 €</p>
                    </div>

                    
                    <div class="mt-10 hidden lg:block">
                        <form action="http://localhost/cart/add/[id]" method="POST">
                            <input type="hidden" name="_token" value="[FILTERED]" autocomplete="off">                            <button type="submit" class="flex w-full items-center justify-center rounded-md border border-transparent bg-teal-600 px-8 py-3 text-base font-medium text-white hover:bg-teal-700 focus:outline-none focus:ring-2 focus:ring-teal-500 focus:ring-offset-2">
                                Añadir al Carrito
                            </button>
                        </form>
                        
                        <button @click="isModalOpen = true" type="button" class="mt-4 flex w-full items-center justify-center rounded-md border border-gray-300 bg-white dark:bg-gray-700 dark:border-gray-600 px-8 py-3 text-base font-medium text-gray-700 dark:text-gray-200 hover:bg-gray-50 dark:hover:bg-gray-600 focus:outline-none focus:ring-2 focus:ring-offset-2 focus:ring-gray-500">
                            Contactar al Vendedor
                        </button>
                    </div>
                    
                    
                    <div class="mt-10 hidden lg:block">
                        <div class="border-b border-gray-200 dark:border-gray-700">
                            <nav class="-mb-px flex space-x-8" aria-label="Tabs">
                                <button @click="activeTab = 'description'" :class="{ 'border-teal-500 text-teal-600': activeTab === 'description', 'border-transparent text-gray-500 hover:border-gray-300 hover:text-gray-700': activeTab !== 'description' }" class="whitespace-nowrap border-b-2 py-4 px-1 text-sm font-medium">Descripción</button>
                                                                                            </nav>
                        </div>
                        <div class="py-6">
                            <div x-show="activeTab === 'description'" x-cloak>
    <div class="prose prose-sm mt-4 text-gray-600 dark:text-gray-300">
        <p>This is a predictable description for Item 0.</p>
    </div>
</div>


                        </div>
                    </div>
                </div>

                
                <div class="mt-10 divide-y divide-gray-200 dark:divide-gray-700 border-t border-gray-200 dark:border-gray-700 lg:hidden">
                     <div>
    <h3 class="border-b border-gray-200 dark:border-gray-700">
        <button @click="activeTab = activeTab === 'description' ? null : 'description'" type="button" class="flex w-full items-center justify-between py-6 text-left text-gray-400">
            <span class="text-base font-medium text-gray-900 dark:text-white">Descripción</span>
            <span class="ml-6 flex items-center">
                <svg :class="{ 'rotate-180': activeTab === 'description', '-rotate-0': activeTab !== 'description' }" class="h-6 w-6 transform" xmlns="http://www.w3.org/2000/svg" fill="none" viewBox="0 0 24 24" stroke-width="1.5" stroke="currentColor"><path stroke-linecap="round" stroke-linejoin="round" d="M19.5 8.25l-7.5 7.5-7.5-7.5" /></svg>
            </span>
        </button>
    </h3>
    <div x-show="activeTab === 'description'" x-collapse>
        <div class="prose prose-sm pb-6 text-gray-600 dark:text-gray-300">
            <p>This is a predictable description for Item 0.</p>
        </div>
    </div>
</div>


                </div>
            </div>

        </div>
    </div>

    
    <div class="fixed bottom-0 left-0 right-0 lg:hidden bg-white/80 dark:bg-gray-800/80 backdrop-blur-sm border-t border-gray-200 dark:border-gray-700 p-4">
        <form action="http://localhost/cart/add/[id]" method="POST">
            <input type="hidden" name="_token" value="[FILTERED]" autocomplete="off">            <button type="submit" class="flex w-full items-center justify-center rounded-md border border-transparent bg-teal-600 px-8 py-3 text-base font-medium text-white hover:bg-teal-700 focus:outline-none focus:ring-2 focus:ring-teal-500 focus:ring-offset-2">
                Añadir al Carrito - 10,00 €
            </button>
        </form>
    </div>

    
    <div 
        x-show="isLightboxOpen" 
        x-transition:enter="ease-out duration-300" x-transition:enter-start="opacity-0" x-transition:enter-end="opacity-100" 
        x-transition:leave="ease-in duration-200" x-transition:leave-start="opacity-100" x-transition:leave-end="opacity-0" 
        class="fixed inset-0 z-50 overflow-y-auto bg-gray-900 bg-opacity-75 flex items-center justify-center p-4" 
        style="display: none;"
        @keydown.escape.window="isLightboxOpen = false"
    >
        <div @click.self="isLightboxOpen = false" class="relative w-full h-full flex items-center justify-center">
            <img :src="mainImageUrl" alt="Item 0" class="max-h-[90vh] max-w-[90vw] object-contain rounded-lg shadow-2xl">
            <button @click="isLightboxOpen = false" class="absolute top-4 right-4 text-white hover:text-gray-300" aria-label="Cerrar">
                <svg class="h-8 w-8" fill="none" viewBox="0 0 24 24" stroke-width="1.5" stroke="currentColor"><path stroke-linecap="round" stroke-linejoin="round" d="M6 18L18 6M6 6l12 12" /></svg>
            </button>
        </div>
    </div>

    
    <div x-show="isModalOpen" 
         x-transition:enter="ease-out duration-300" 
         x-transition:enter-start="opacity-0" 
         x-transition:enter-end="opacity-100" 
         x-transition:leave="ease-in duration-200" 
         x-transition:leave-start="opacity-100" 
         x-transition:leave-end="opacity-0" 
         class="fixed inset-0 z-50 overflow-y-auto bg-gray-900 bg-opacity-75"
         style="display: none;" 
         x-cloak>
        <div class="flex min-h-full items-center justify-center p-4 text-center">
            <div @click.away="isModalOpen = false" 
                 x-transition:enter="ease-out duration-300" 
                 x-transition:enter-start="opacity-0 scale-95" 
                 x-transition:enter-end="opacity-100 scale-100" 
                 x-transition:leave="ease-in duration-200" 
                 x-transition:leave-start="opacity-100 scale-100" 
                 x-transition:leave-end="opacity-0 scale-95" 
                 class="relative w-full max-w-lg transform overflow-hidden rounded-2xl bg-white dark:bg-gray-800 p-6 text-left align-middle shadow-xl transition-all">
                
                <h3 class="text-lg font-medium leading-6 text-gray-900 dark:text-white">
                    Contactar sobre: Item 0
                </h3>

                <form action="http://localhost/items/[slug]/contact" method="POST" class="mt-4 space-y-4">
                    <input type="hidden" name="_token" value="[FILTERED]" autocomplete="off">                    <div>
                        <label for="name" class="block text-sm font-medium text-gray-700 dark:text-gray-300">Tu Nombre</label>
                        <input type="text" name="name" id="name" required 
                               class="mt-1 block w-full rounded-md border-0 py-2 px-3 text-gray-900 shadow-sm ring-1 ring-inset ring-gray-300 placeholder:text-gray-400 focus:ring-2 focus:ring-inset focus:ring-teal-600 sm:text-sm sm:leading-6 dark:bg-gray-700 dark:text-white dark:ring-gray-600 dark:focus:ring-teal-500" 
                               value="">
                    </div>
                    <div>
                        <label for="email" class="block text-sm font-medium text-gray-700 dark:text-gray-300">Tu Email</label>
                        <input type="email" name="email" id="email" required 
                               class="mt-1 block w-full rounded-md border-0 py-2 px-3 text-gray-900 shadow-sm ring-1 ring-inset ring-gray-300 placeholder:text-gray-400 focus:ring-2 focus:ring-inset focus:ring-teal-600 sm:text-sm sm:leading-6 dark:bg-gray-700 dark:text-white dark:ring-gray-600 dark:focus:ring-teal-500" 
                               value="">
                    </div>
                    <div>
                        <label for="message" class="block text-sm font-medium text-gray-700 dark:text-gray-300">Mensaje</label>
                        <textarea name="message" id="message" rows="4" required 
                                  class="mt-1 block w-full rounded-md border-0 py-2 px-3 text-gray-900 shadow-sm ring-1 ring-inset ring-gray-300 placeholder:text-gray-400 focus:ring-2 focus:ring-inset focus:ring-teal-600 sm:text-sm sm:leading-6 dark:bg-gray-700 dark:text-white dark:ring-gray-600 dark:focus:ring-teal-500" 
                                  placeholder="Estoy interesado en este artículo..."></textarea>
                    </div>

                    <div class="mt-6 flex justify-end space-x-4">
                        <button type="button" @click="isModalOpen = false" class="rounded-md border border-gray-300 bg-white px-4 py-2 text-sm font-medium text-gray-700 shadow-sm hover:bg-gray-50 focus:outline-none focus:ring-2 focus:ring-offset-2 focus:ring-teal-500 dark:bg-gray-600 dark:text-gray-200 dark:border-gray-500 dark:hover:bg-gray-500">
                            Cancelar
                        </button>
                        <button type="submit" class="inline-flex justify-center rounded-md border border-transparent bg-teal-600 px-4 py-2 text-sm font-medium text-white shadow-sm hover:bg-teal-700 focus:outline-none focus:ring-2 focus:ring-offset-2 focus:ring-teal-500">
                            Enviar Mensaje
                        </button>
                    </div>
                </form>
            </div>
        </div>
    </div>
</div>
            </main>
        </div>

        <footer class="bg-white dark:bg-gray-800" aria-labelledby="footer-heading">
    <h2 id="footer-heading" class="sr-only">Footer</h2>
    <div class="mx-auto max-w-7xl px-6 pb-8 pt-16 sm:pt-24 lg:px-8 lg:pt-32">
        <div class="border-t border-gray-200 dark:border-gray-700 pt-8">
            <p class="text-sm text-gray-500 dark:text-gray-400 md:text-center">
                © 2025 Numista. Todos los derechos reservados.
            </p>
        </div>
    </div>
</footer>
        <!-- Global notification live region, positioned in the bottom-right corner. -->
        <div 
            x-data="{
                notifications: [],
                add(notification) {
                    notification.id = Date.now()
                    this.notifications.push(notification)
                    this.remove(notification.id)
                },
                remove(id) {
                    setTimeout(() => {
                        let i = this.notifications.findIndex(n => n.id === id)
                        if (i !== -1) {
                            this.notifications.splice(i, 1)
                        }
                    }, 5000)
                }
            }"
            @notify.window="add($event.detail)"
            aria-live="assertive" 
            class="pointer-events-none fixed inset-0 flex items-end px-4 py-6 sm:items-start sm:p-6 z-50"
        >
            <div class="flex w-full flex-col items-center space-y-4 sm:items-end">
                
                                                
                
                <template x-for="notification in notifications" :key="notification.id">
                    <div
                        x-data="{ show: false }"
                        x-init="$nextTick(() => show = true)"
                        x-show="show"
                        x-transition:enter="transform ease-out duration-300 transition"
                        x-transition:enter-start="translate-y-2 opacity-0 sm:translate-y-0 sm:translate-x-2"
                        x-transition:enter-end="translate-y-0 opacity-100 sm:translate-x-0"
                        x-transition:leave="transition ease-in duration-100"
                        x-transition:leave-start="opacity-100"
                        x-transition:leave-end="opacity-0"
                        :class="{
                            'bg-green-100 dark:bg-green-800/20': notification.type === 'success',
                            'bg-red-100 dark:bg-red-800/20': notification.type === 'error',
                        }"
                        class="pointer-events-auto w-full max-w-sm overflow-hidden rounded-lg shadow-lg ring-1 ring-black ring-opacity-5"
                    >
                        <div class="p-4">
                            <div class="flex items-start">
                                <div class="flex-shrink-0">
                                    <template x-if="notification.type === 'success'">
                                        <svg class="h-6 w-6 text-green-400" fill="none" viewBox="0 0 24 24" stroke-width="1.5" stroke="currentColor" aria-hidden="true"><path stroke-linecap="round" stroke-linejoin="round" d="M9 12.75L11.25 15 15 9.75M21 12a9 9 0 11-18 0 9 9 0 0118 0z" /></svg>
                                    </template>
                                    <template x-if="notification.type === 'error'">
                                        <svg class="h-6 w-6 text-red-400" fill="none" viewBox="0 0 24 24" stroke-width="1.5" stroke="currentColor" aria-hidden="true"><path stroke-linecap="round" stroke-linejoin="round" d="M12 9v3.75m-9.303 3.376c-.866 1.5.217 3.374 1.948 3.374h14.71c1.73 0 2.813-1.874 1.948-3.374L13.949 3.378c-.866-1.5-3.032-1.5-3.898 0L2.697 16.126zM12 15.75h.007v.008H12v-.008z" /></svg>
                                    </template>
                                </div>
                                <div class="ml-3 w-0 flex-1 pt-0.5">
                                    <p 
                                        :class="{
                                            'text-green-800 dark:text-green-200': notification.type === 'success',
                                            'text-red-800 dark:text-red-200': notification.type === 'error',
                                        }"
                                        class="text-sm font-medium" x-text="notification.message"></p>
                                </div>
                            </div>
                        </div>
                    </div>
                </template>
            </div>
        </div>

            </body>
</html>