<!DOCTYPE html>
<html lang="es" class="h-full bg-gray-100 dark:bg-gray-900">
    <head>
        <meta charset="utf-8">
        <meta name="viewport" content="width=device-width, initial-scale=1.0">
        <title>Carrito de Compra</title>

        <link rel="icon" href="http://localhost/storage/favicon.png" type-="image/png">

        <!-- Fonts -->
        <link rel="preconnect" href="https://fonts.bunny.net">
        <link href="https://fonts.bunny.net/css?family=instrument-sans:400,500,600,700&display=swap" rel="stylesheet" />

        <!-- Styles handled by Vite -->
                
        
                <style>
            :root {
                --c-500: 20, 184, 166;
                --c-600: 13, 148, 136;
                --c-700: 15, 118, 110;
            }
        </style>
    </head>
    <body class="antialiased font-sans flex flex-col min-h-screen">
        <div class="flex-grow">
            <header class="bg-white dark:bg-gray-800/50 backdrop-blur-sm shadow-sm sticky top-0 z-10">
    <div class="mx-auto max-w-7xl py-3 px-4 sm:px-6 lg:px-8">
        <div class="flex justify-between items-center">
            
            
            <a href="http://localhost" class="flex items-center space-x-3">
                 <img src="http://localhost/storage/logo.png" alt="Numista" class="h-10 w-auto">
                 
                 <span class="hidden sm:inline text-xl font-bold text-gray-800 dark:text-gray-200 tracking-tight">Numista</span>
            </a>

            
            <nav class="flex items-center space-x-2 sm:space-x-4">
                
                
                <a href="http://localhost/marketplace" 
                   class="text-sm font-semibold transition-colors text-gray-600 hover:text-gray-900 dark:text-gray-400 dark:hover:text-white">
                    Marketplace
                </a>
                
                <div class="flow-root" x-data="{ cartCount: 2 }" @cart-updated.window="cartCount = $event.detail.cartCount">
                    <a href="http://localhost/cart" class="group -m-2 flex items-center p-2">
                        <svg class="h-6 w-6 flex-shrink-0 text-gray-400 group-hover:text-gray-500" fill="none" viewBox="0 0 24 24" stroke-width="1.5" stroke="currentColor" aria-hidden="true">
                            <path stroke-linecap="round" stroke-linejoin="round" d="M15.75 10.5V6a3.75 3.75 0 10-7.5 0v4.5m11.356-1.993l1.263 12c.07.658-.463 1.243-1.119 1.243H4.25a1.125 1.125 0 01-1.12-1.243l1.264-12A1.125 1.125 0 015.513 7.5h12.974c.576 0 1.059.435 1.119 1.007zM8.625 10.5a.375.375 0 11-.75 0 .375.375 0 01.75 0zm7.5 0a.375.375 0 11-.75 0 .375.375 0 01.75 0z" />
                        </svg>
                        <span x-text="cartCount" class="ml-2 text-sm font-medium text-gray-700 dark:text-gray-400 group-hover:text-gray-800"></span>
                        <span class="sr-only">artículos en el carrito, ver cesta</span>
                    </a>
                </div>
                
                <span class="h-6 w-px bg-gray-200 dark:bg-gray-600" aria-hidden="true"></span>
                
                
                                    <a href="http://localhost/login" class="text-sm font-semibold text-gray-600 hover:text-gray-900 dark:text-gray-400 dark:hover:text-white">Acceso</a>
                                            <a href="http://localhost/register" class="hidden sm:inline-flex items-center justify-center px-4 py-2 border border-transparent text-sm font-medium rounded-md text-white bg-teal-600 hover:bg-teal-700">Registro</a>
                                                </nav>
        </div>
    </div>
</header>
            <main class="flex-grow py-8 sm:py-12">
                    <div class="container mx-auto px-4 sm:px-6 lg:px-8 py-12">
    <h1 class="text-3xl font-bold tracking-tight text-gray-900 dark:text-white">Tu Carrito</h1>

    <div class="mt-12 lg:grid lg:grid-cols-12 lg:items-start lg:gap-x-12">
        
        <section aria-labelledby="cart-heading" class="lg:col-span-7">
            <div class="bg-white dark:bg-gray-800 rounded-lg shadow-sm">
                <h2 id="cart-heading" class="sr-only">Artículos en tu cesta de compra</h2>
                
                <ul role="list" class="divide-y divide-gray-200 dark:divide-gray-700">
                                            
                        <li class="flex py-6 px-4 sm:px-6">
    
    <div class="flex-shrink-0">
        <img src="/images/placeholder.svg" alt="First Test Item" class="w-24 h-24 sm:w-32 sm:h-32 rounded-md object-cover object-center">
    </div>

    
    <div class="ml-4 flex flex-1 flex-col justify-between sm:ml-6">
        <div class="relative pr-9 sm:grid sm:grid-cols-2 sm:gap-x-6 sm:pr-0">
            <div>
                <div class="flex justify-between">
                    <h3 class="text-sm">
                        <a href="http://localhost/items/[slug]" class="font-medium text-gray-800 hover:text-teal-600 dark:text-gray-200 dark:hover:text-teal-400">First Test Item</a>
                    </h3>
                </div>
                <p class="mt-1 text-sm font-medium text-gray-900 dark:text-white">0,00 €</p>
            </div>

            <div class="mt-4 sm:mt-0 sm:pr-9">
                
                <form action="http://localhost/cart/update/1" method="POST"
                      x-data="{ quantity: 1 }"
                      x-ref="updateForm" class="flex items-center">
                    <input type="hidden" name="_token" value="[FILTERED]" autocomplete="off">                    <input type="hidden" name="_method" value="PATCH">                    
                    <label for="quantity-1" class="sr-only">Cantidad, First Test Item</label>
                    <div class="flex items-center rounded-md border border-gray-300 dark:border-gray-600">
                        <button
                            type="button"
                            @click="if (quantity > 1) { quantity--; $nextTick(() => $refs.updateForm.submit()) }"
                            class="px-2 py-1 text-gray-600 dark:text-gray-400 hover:bg-gray-100 dark:hover:bg-gray-700 rounded-l-md transition"
                            aria-label="Reducir cantidad"
                        >
                            −
                        </button>

                        <input type="text" name="quantity" id="quantity-1" :value="quantity" class="w-12 border-x border-y-0 text-center text-sm bg-white dark:bg-gray-700 text-gray-900 dark:text-white" readonly>
                        
                        <button
                            type="button"
                            @click="quantity++; $nextTick(() => $refs.updateForm.submit())"
                            class="px-2 py-1 text-gray-600 dark:text-gray-400 hover:bg-gray-100 dark:hover:bg-gray-700 rounded-r-md transition"
                            aria-label="Aumentar cantidad"
                        >
                            +
                        </button>
                    </div>
                </form>

                
                <div class="absolute top-0 right-0">
                    <form action="http://localhost/cart/remove/1" method="POST">
                        <input type="hidden" name="_token" value="[FILTERED]" autocomplete="off">                        <input type="hidden" name="_method" value="DELETE">                        <button type="submit" class="-m-2 inline-flex p-2 text-gray-400 hover:text-gray-500">
                            <span class="sr-only">Eliminar</span>
                            <svg class="h-5 w-5" viewBox="0 0 20 20" fill="currentColor" aria-hidden="true"><path d="M6.28 5.22a.75.75 0 00-1.06 1.06L8.94 10l-3.72 3.72a.75.75 0 101.06 1.06L10 11.06l3.72 3.72a.75.75 0 101.06-1.06L11.06 10l3.72-3.72a.75.75 0 00-1.06-1.06L10 8.94 6.28 5.22z" /></svg>
                        </button>
                    </form>
                </div>
            </div>
        </div>
        
        <p class="mt-4 flex space-x-2 text-sm text-gray-700 dark:text-gray-300">
            <svg class="h-5 w-5 flex-shrink-0 text-green-500" viewBox="0 0 20 20" fill="currentColor" aria-hidden="true"><path fill-rule="evenodd" d="M16.704 4.153a.75.75 0 01.143 1.052l-8 10.5a.75.75 0 01-1.127.075l-4.5-4.5a.75.75 0 011.06-1.06l3.894 3.893 7.48-9.817a.75.75 0 011.052-.143z" clip-rule="evenodd" /></svg>
            <span>En stock</span>
        </p>
    </div>
</li>                                            
                        <li class="flex py-6 px-4 sm:px-6">
    
    <div class="flex-shrink-0">
        <img src="/images/placeholder.svg" alt="Second Test Item" class="w-24 h-24 sm:w-32 sm:h-32 rounded-md object-cover object-center">
    </div>

    
    <div class="ml-4 flex flex-1 flex-col justify-between sm:ml-6">
        <div class="relative pr-9 sm:grid sm:grid-cols-2 sm:gap-x-6 sm:pr-0">
            <div>
                <div class="flex justify-between">
                    <h3 class="text-sm">
                        <a href="http://localhost/items/[slug]" class="font-medium text-gray-800 hover:text-teal-600 dark:text-gray-200 dark:hover:text-teal-400">Second Test Item</a>
                    </h3>
                </div>
                <p class="mt-1 text-sm font-medium text-gray-900 dark:text-white">0,00 €</p>
            </div>

            <div class="mt-4 sm:mt-0 sm:pr-9">
                
                <form action="http://localhost/cart/update/2" method="POST"
                      x-data="{ quantity: 2 }"
                      x-ref="updateForm" class="flex items-center">
                    <input type="hidden" name="_token" value="[FILTERED]" autocomplete="off">                    <input type="hidden" name="_method" value="PATCH">                    
                    <label for="quantity-2" class="sr-only">Cantidad, Second Test Item</label>
                    <div class="flex items-center rounded-md border border-gray-300 dark:border-gray-600">
                        <button
                            type="button"
                            @click="if (quantity > 1) { quantity--; $nextTick(() => $refs.updateForm.submit()) }"
                            class="px-2 py-1 text-gray-600 dark:text-gray-400 hover:bg-gray-100 dark:hover:bg-gray-700 rounded-l-md transition"
                            aria-label="Reducir cantidad"
                        >
                            −
                        </button>

                        <input type="text" name="quantity" id="quantity-2" :value="quantity" class="w-12 border-x border-y-0 text-center text-sm bg-white dark:bg-gray-700 text-gray-900 dark:text-white" readonly>
                        
                        <button
                            type="button"
                            @click="quantity++; $nextTick(() => $refs.updateForm.submit())"
                            class="px-2 py-1 text-gray-600 dark:text-gray-400 hover:bg-gray-100 dark:hover:bg-gray-700 rounded-r-md transition"
                            aria-label="Aumentar cantidad"
                        >
                            +
                        </button>
                    </div>
                </form>

                
                <div class="absolute top-0 right-0">
                    <form action="http://localhost/cart/remove/2" method="POST">
                        <input type="hidden" name="_token" value="[FILTERED]" autocomplete="off">                        <input type="hidden" name="_method" value="DELETE">                        <button type="submit" class="-m-2 inline-flex p-2 text-gray-400 hover:text-gray-500">
                            <span class="sr-only">Eliminar</span>
                            <svg class="h-5 w-5" viewBox="0 0 20 20" fill="currentColor" aria-hidden="true"><path d="M6.28 5.22a.75.75 0 00-1.06 1.06L8.94 10l-3.72 3.72a.75.75 0 101.06 1.06L10 11.06l3.72 3.72a.75.75 0 101.06-1.06L11.06 10l3.72-3.72a.75.75 0 00-1.06-1.06L10 8.94 6.28 5.22z" /></svg>
                        </button>
                    </form>
                </div>
            </div>
        </div>
        
        <p class="mt-4 flex space-x-2 text-sm text-gray-700 dark:text-gray-300">
            <svg class="h-5 w-5 flex-shrink-0 text-green-500" viewBox="0 0 20 20" fill="currentColor" aria-hidden="true"><path fill-rule="evenodd" d="M16.704 4.153a.75.75 0 01.143 1.052l-8 10.5a.75.75 0 01-1.127.075l-4.5-4.5a.75.75 0 011.06-1.06l3.894 3.893 7.48-9.817a.75.75 0 011.052-.143z" clip-rule="evenodd" /></svg>
            <span>En stock</span>
        </p>
    </div>
</li>                                    </ul>
            </div>
        </section>

        
                <section aria-labelledby="summary-heading" class="mt-16 rounded-lg bg-gray-50 dark:bg-gray-800 px-4 py-6 sm:p-6 lg:col-span-5 lg:mt-0 lg:p-8 lg:sticky lg:top-24">
            <h2 id="summary-heading" class="text-lg font-medium text-gray-900 dark:text-white">Resumen del Pedido</h2>

            <dl class="mt-6 space-y-4">
                <div class="flex items-center justify-between">
                    <dt class="text-sm text-gray-600 dark:text-gray-400">Subtotal</dt>
                    <dd class="text-sm font-medium text-gray-900 dark:text-white">0,00 €</dd>
                </div>
                <div class="flex items-center justify-between border-t border-gray-200 dark:border-gray-700 pt-4">
                    <dt class="text-base font-medium text-gray-900 dark:text-white">Total</dt>
                    <dd class="text-base font-medium text-gray-900 dark:text-white">0,00 €</dd>
                </div>
            </dl>

            <div class="mt-6">
                <a href="http://localhost/checkout" class="w-full flex items-center justify-center rounded-md border border-transparent bg-teal-600 px-6 py-3 text-base font-medium text-white shadow-sm hover:bg-teal-700">
                    Proceder al Pago
                </a>
            </div>
            <div class="mt-6 flex justify-center text-center text-sm text-gray-500">
                <p>
                    o
                    <a href="http://localhost/marketplace" class="font-medium text-teal-600 hover:text-teal-500">
                        Seguir Comprando
                        <span aria-hidden="true"> →</span>
                    </a>
                </p>
            </div>
        </section>
            </div>
</div>
            </main>
        </div>

        <footer class="bg-white dark:bg-gray-800" aria-labelledby="footer-heading">
    <h2 id="footer-heading" class="sr-only">Footer</h2>
    <div class="mx-auto max-w-7xl px-6 pb-8 pt-16 sm:pt-24 lg:px-8 lg:pt-32">
        <div class="border-t border-gray-200 dark:border-gray-700 pt-8">
            <p class="text-sm text-gray-500 dark:text-gray-400 md:text-center">
                © 2025 Numista. Todos los derechos reservados.
            </p>
        </div>
    </div>
</footer>
        <!-- Global notification live region, positioned in the bottom-right corner. -->
        <div 
            x-data="{
                notifications: [],
                add(notification) {
                    notification.id = Date.now()
                    this.notifications.push(notification)
                    this.remove(notification.id)
                },
                remove(id) {
                    setTimeout(() => {
                        let i = this.notifications.findIndex(n => n.id === id)
                        if (i !== -1) {
                            this.notifications.splice(i, 1)
                        }
                    }, 5000)
                }
            }"
            @notify.window="add($event.detail)"
            aria-live="assertive" 
            class="pointer-events-none fixed inset-0 flex items-end px-4 py-6 sm:items-start sm:p-6 z-50"
        >
            <div class="flex w-full flex-col items-center space-y-4 sm:items-end">
                
                                                
                
                <template x-for="notification in notifications" :key="notification.id">
                    <div
                        x-data="{ show: false }"
                        x-init="$nextTick(() => show = true)"
                        x-show="show"
                        x-transition:enter="transform ease-out duration-300 transition"
                        x-transition:enter-start="translate-y-2 opacity-0 sm:translate-y-0 sm:translate-x-2"
                        x-transition:enter-end="translate-y-0 opacity-100 sm:translate-x-0"
                        x-transition:leave="transition ease-in duration-100"
                        x-transition:leave-start="opacity-100"
                        x-transition:leave-end="opacity-0"
                        :class="{
                            'bg-green-100 dark:bg-green-800/20': notification.type === 'success',
                            'bg-red-100 dark:bg-red-800/20': notification.type === 'error',
                        }"
                        class="pointer-events-auto w-full max-w-sm overflow-hidden rounded-lg shadow-lg ring-1 ring-black ring-opacity-5"
                    >
                        <div class="p-4">
                            <div class="flex items-start">
                                <div class="flex-shrink-0">
                                    <template x-if="notification.type === 'success'">
                                        <svg class="h-6 w-6 text-green-400" fill="none" viewBox="0 0 24 24" stroke-width="1.5" stroke="currentColor" aria-hidden="true"><path stroke-linecap="round" stroke-linejoin="round" d="M9 12.75L11.25 15 15 9.75M21 12a9 9 0 11-18 0 9 9 0 0118 0z" /></svg>
                                    </template>
                                    <template x-if="notification.type === 'error'">
                                        <svg class="h-6 w-6 text-red-400" fill="none" viewBox="0 0 24 24" stroke-width="1.5" stroke="currentColor" aria-hidden="true"><path stroke-linecap="round" stroke-linejoin="round" d="M12 9v3.75m-9.303 3.376c-.866 1.5.217 3.374 1.948 3.374h14.71c1.73 0 2.813-1.874 1.948-3.374L13.949 3.378c-.866-1.5-3.032-1.5-3.898 0L2.697 16.126zM12 15.75h.007v.008H12v-.008z" /></svg>
                                    </template>
                                </div>
                                <div class="ml-3 w-0 flex-1 pt-0.5">
                                    <p 
                                        :class="{
                                            'text-green-800 dark:text-green-200': notification.type === 'success',
                                            'text-red-800 dark:text-red-200': notification.type === 'error',
                                        }"
                                        class="text-sm font-medium" x-text="notification.message"></p>
                                </div>
                            </div>
                        </div>
                    </div>
                </template>
            </div>
        </div>

            </body>
</html>